--------------------------------------------------------------------------------------
Timing Analyzer Summary
--------------------------------------------------------------------------------------

Type           : Worst-case tsu
Slack          : N/A
Required Time  : None
Actual Time    : 56.717 ns
From           : echo
To             : final_distance:inst9|average:inst1|count[13]
From Clock     : --
To Clock       : clk
Failed Paths   : 0

Type           : Worst-case tco
Slack          : N/A
Required Time  : None
Actual Time    : 101.888 ns
From           : final_distance:inst9|average:inst1|average[5]
To             : qg
From Clock     : clk
To Clock       : --
Failed Paths   : 0

Type           : Worst-case th
Slack          : N/A
Required Time  : None
Actual Time    : -1.420 ns
From           : echo
To             : keeptime:inst2|js[1]
From Clock     : --
To Clock       : clk
Failed Paths   : 0

Type           : Clock Setup: 'clk'
Slack          : N/A
Required Time  : None
Actual Time    : 8.88 MHz ( period = 112.600 ns )
From           : keeptime:inst2|js[2]
To             : final_distance:inst9|average:inst1|count[13]
From Clock     : clk
To Clock       : clk
Failed Paths   : 0

Type           : Clock Hold: 'clk'
Slack          : Not operational: Clock Skew > Data Delay
Required Time  : None
Actual Time    : N/A
From           : final_distance:inst9|average:inst1|average[6]
To             : pj6:inst15|clr
From Clock     : clk
To Clock       : clk
Failed Paths   : 38

Type           : Total number of failed paths
Slack          : 
Required Time  : 
Actual Time    : 
From           : 
To             : 
From Clock     : 
To Clock       : 
Failed Paths   : 38

--------------------------------------------------------------------------------------

